INFO:     Started server process [19620]
INFO:     Waiting for application startup.
INFO:     Application startup complete.
INFO:     Uvicorn running on http://0.0.0.0:8000 (Press CTRL+C to quit)
==================================================
HYDROSIGNAL - FLOOD EARLY WARNING SYSTEM
==================================================
Node: NODE-001 (Jakarta Basin A)
Thresholds: {'watch': 30, 'warning': 50, 'critical': 70}
WebSocket: ws://localhost:8000/ws
REST API: http://localhost:8000/api
==================================================
INFO:     127.0.0.1:50399 - "GET / HTTP/1.1" 200 OK
INFO:     127.0.0.1:50401 - "POST /api/simulator/start HTTP/1.1" 200 OK
INFO:     127.0.0.1:50408 - "WebSocket /ws" [accepted]
INFO:     connection open
[Simulator Loop] Started, broadcasting to 0 clients
[Simulator] Reading #1: 20.5 cm (rising)
[Flood Engine] Reading #1: 20.5 cm | Risk: SAFE
[Sim Loop] Created broadcast task for reading
[Broadcast] No active connections, skipping
[Simulator] Reading #2: 21.1 cm (rising)
[Flood Engine] Reading #2: 21.1 cm | Risk: SAFE
[Sim Loop] Created broadcast task for reading
[Broadcast] No active connections, skipping
[Simulator] Reading #3: 21.6 cm (rising)
[Flood Engine] Reading #3: 21.6 cm | Risk: SAFE
[Sim Loop] Created broadcast task for reading
[Broadcast] No active connections, skipping
[Simulator] Reading #4: 22.2 cm (rising)
[Flood Engine] Reading #4: 22.2 cm | Risk: SAFE
[Sim Loop] Created broadcast task for reading
[Broadcast] No active connections, skipping
[WebSocket] Client connected. Total: 1
[Simulator] Reading #5: 22.6 cm (rising)
[Flood Engine] Reading #5: 22.6 cm | Risk: SAFE
[Sim Loop] Created broadcast task for reading
[Simulator Loop] Broadcast 5 readings, 1 clients
[Broadcast] Sending to 1 connections
[Simulator] Reading #6: 22.8 cm (rising)
[Flood Engine] Reading #6: 22.8 cm | Risk: SAFE
[Sim Loop] Created broadcast task for reading
[Broadcast] Sending to 1 connections
[WebSocket] Client disconnected. Total: 0
[Simulator] Reading #7: 23.7 cm (rising)
[Flood Engine] Reading #7: 23.7 cm | Risk: SAFE
[Sim Loop] Created broadcast task for reading
[Broadcast] No active connections, skipping
[Simulator] Reading #8: 24.1 cm (rising)
[Flood Engine] Reading #8: 24.1 cm | Risk: SAFE
[Sim Loop] Created broadcast task for reading
[Broadcast] No active connections, skipping
[Simulator] Reading #9: 24.6 cm (rising)
[Flood Engine] Reading #9: 24.6 cm | Risk: SAFE
[Sim Loop] Created broadcast task for reading
[Broadcast] No active connections, skipping
[Simulator] Reading #10: 25.3 cm (rising)
[Flood Engine] Reading #10: 25.3 cm | Risk: SAFE
[Sim Loop] Created broadcast task for reading
[Simulator Loop] Broadcast 10 readings, 0 clients
[Broadcast] No active connections, skipping
[Simulator] Reading #11: 25.6 cm (rising)
[Flood Engine] Reading #11: 25.6 cm | Risk: SAFE
[Sim Loop] Created broadcast task for reading
[Broadcast] No active connections, skipping
[Simulator] Reading #12: 26.2 cm (rising)
[Flood Engine] Reading #12: 26.2 cm | Risk: SAFE
[Sim Loop] Created broadcast task for reading
[Broadcast] No active connections, skipping
[Simulator] Reading #13: 26.2 cm (rising)
[Flood Engine] Reading #13: 26.2 cm | Risk: SAFE
[Sim Loop] Created broadcast task for reading
[Broadcast] No active connections, skipping
[Simulator] Reading #14: 27.0 cm (rising)
[Flood Engine] Reading #14: 27.0 cm | Risk: SAFE
[Sim Loop] Created broadcast task for reading
[Broadcast] No active connections, skipping
[Simulator] Reading #15: 27.5 cm (rising)
[Flood Engine] Reading #15: 27.5 cm | Risk: SAFE
[Sim Loop] Created broadcast task for reading
[Simulator Loop] Broadcast 15 readings, 0 clients
[Broadcast] No active connections, skipping
[Simulator] Reading #16: 27.8 cm (rising)
[Flood Engine] Reading #16: 27.8 cm | Risk: SAFE
[Sim Loop] Created broadcast task for reading
[Broadcast] No active connections, skipping
[Simulator] Reading #17: 28.4 cm (rising)
[Flood Engine] Reading #17: 28.4 cm | Risk: SAFE
[Sim Loop] Created broadcast task for reading
[Broadcast] No active connections, skipping
[Simulator] Reading #18: 28.7 cm (rising)
[Flood Engine] Reading #18: 28.7 cm | Risk: SAFE
[Sim Loop] Created broadcast task for reading
[Broadcast] No active connections, skipping
[Simulator] Reading #19: 29.7 cm (rising)
[Flood Engine] Reading #19: 29.7 cm | Risk: SAFE
[Sim Loop] Created broadcast task for reading
[Broadcast] No active connections, skipping
[Simulator] Reading #20: 30.0 cm (rising)
[Flood Engine] Reading #20: 30.0 cm | Risk: WATCH
[Sim Loop] Created broadcast task for reading
[Simulator Loop] Broadcast 20 readings, 0 clients
[Broadcast] No active connections, skipping
[Simulator] Reading #21: 30.6 cm (rising)
[Flood Engine] Reading #21: 30.6 cm | Risk: WATCH
[Sim Loop] Created broadcast task for reading
[Broadcast] No active connections, skipping
[Simulator] Reading #22: 30.8 cm (rising)
[Flood Engine] Reading #22: 30.8 cm | Risk: WATCH
[Sim Loop] Created broadcast task for reading
[Broadcast] No active connections, skipping
[Simulator] Reading #23: 31.6 cm (rising)
[Flood Engine] Reading #23: 31.6 cm | Risk: WATCH
[Sim Loop] Created broadcast task for reading
[Broadcast] No active connections, skipping
[Simulator] Reading #24: 31.8 cm (rising)
[Flood Engine] Reading #24: 31.8 cm | Risk: WATCH
[Sim Loop] Created broadcast task for reading
[Broadcast] No active connections, skipping
[Simulator] Reading #25: 32.2 cm (rising)
[Flood Engine] Reading #25: 32.2 cm | Risk: WATCH
[Sim Loop] Created broadcast task for reading
[Simulator Loop] Broadcast 25 readings, 0 clients
[Broadcast] No active connections, skipping
[Simulator] Reading #26: 32.7 cm (rising)
[Flood Engine] Reading #26: 32.7 cm | Risk: WATCH
[Sim Loop] Created broadcast task for reading
[Broadcast] No active connections, skipping
[Simulator] Reading #27: 33.3 cm (rising)
[Flood Engine] Reading #27: 33.3 cm | Risk: WATCH
[Sim Loop] Created broadcast task for reading
[Broadcast] No active connections, skipping
[Simulator] Reading #28: 33.8 cm (rising)
[Flood Engine] Reading #28: 33.8 cm | Risk: WATCH
[Sim Loop] Created broadcast task for reading
[Broadcast] No active connections, skipping
[Simulator] Reading #29: 34.2 cm (rising)
[Flood Engine] Reading #29: 34.2 cm | Risk: WATCH
[Sim Loop] Created broadcast task for reading
[Broadcast] No active connections, skipping
[Simulator] Reading #30: 34.7 cm (rising)
[Flood Engine] Reading #30: 34.7 cm | Risk: WATCH
[Sim Loop] Created broadcast task for reading
[Simulator Loop] Broadcast 30 readings, 0 clients
[Broadcast] No active connections, skipping
[Simulator] Reading #31: 35.4 cm (rising)
[Flood Engine] Reading #31: 35.4 cm | Risk: WATCH
[Sim Loop] Created broadcast task for reading
[Broadcast] No active connections, skipping
[Simulator] Reading #32: 36.2 cm (rising)
[Flood Engine] Reading #32: 36.2 cm | Risk: WATCH
[Sim Loop] Created broadcast task for reading
[Broadcast] No active connections, skipping
[Simulator] Reading #33: 36.8 cm (rising)
[Flood Engine] Reading #33: 36.8 cm | Risk: WATCH
[Sim Loop] Created broadcast task for reading
[Broadcast] No active connections, skipping
[Simulator] Reading #34: 37.1 cm (rising)
[Flood Engine] Reading #34: 37.1 cm | Risk: WATCH
[Sim Loop] Created broadcast task for reading
[Broadcast] No active connections, skipping
[Simulator] Reading #35: 37.8 cm (rising)
[Flood Engine] Reading #35: 37.8 cm | Risk: WATCH
[Sim Loop] Created broadcast task for reading
[Simulator Loop] Broadcast 35 readings, 0 clients
[Broadcast] No active connections, skipping
[Simulator] Reading #36: 38.0 cm (rising)
[Flood Engine] Reading #36: 38.0 cm | Risk: WATCH
[Sim Loop] Created broadcast task for reading
[Broadcast] No active connections, skipping
[Simulator] Reading #37: 38.6 cm (rising)
[Flood Engine] Reading #37: 38.6 cm | Risk: WATCH
[Sim Loop] Created broadcast task for reading
[Broadcast] No active connections, skipping
[Simulator] Reading #38: 38.7 cm (rising)
[Flood Engine] Reading #38: 38.7 cm | Risk: WATCH
[Sim Loop] Created broadcast task for reading
[Broadcast] No active connections, skipping
[Simulator] Reading #39: 39.3 cm (rising)
[Flood Engine] Reading #39: 39.3 cm | Risk: WATCH
[Sim Loop] Created broadcast task for reading
[Broadcast] No active connections, skipping
[Simulator] Reading #40: 40.3 cm (rising)
[Flood Engine] Reading #40: 40.3 cm | Risk: WATCH
[Sim Loop] Created broadcast task for reading
[Simulator Loop] Broadcast 40 readings, 0 clients
[Broadcast] No active connections, skipping
[Simulator] Reading #41: 40.3 cm (rising)
[Flood Engine] Reading #41: 40.3 cm | Risk: WATCH
[Sim Loop] Created broadcast task for reading
[Broadcast] No active connections, skipping
[Simulator] Reading #42: 41.1 cm (rising)
[Flood Engine] Reading #42: 41.1 cm | Risk: WATCH